node : file:///D:/Women%20
Safety/backend/server.js:8
1
At line:1 char:1
+ node server.js 2> 
error_log.txt; type 
error_log.txt
+ ~~~~~~~~~~~~~~~~~~~~~~~~
~~~~~~~
    + CategoryInfo        
      : NotSpecified: (f  
  ile:///D:/Wome...nd/s   
 erver.js:81:String) [    
], RemoteException
    + FullyQualifiedError 
   Id : NativeCommandErr  
  or
 
    } catch (err: any) {
                ^

SyntaxError: Unexpected 
token ':'
    at 
compileSourceTextModule (n
ode:internal/modules/esm/u
tils:318:16)
    at ModuleLoader.module
Strategy (node:internal/mo
dules/esm/translators:111:
18)
    at #translate (node:in
ternal/modules/esm/loader:
473:20)
    at afterLoad (node:int
ernal/modules/esm/loader:5
29:29)
    at ModuleLoader.loadAn
dTranslate (node:internal/
modules/esm/loader:534:12)
    at #getOrCreateModuleJ
obAfterResolve (node:inter
nal/modules/esm/loader:571
:36)
    at afterResolve (node:
internal/modules/esm/loade
r:624:52)
    at ModuleLoader.getOrC
reateModuleJob (node:inter
nal/modules/esm/loader:630
:12)
    at onImport.tracePromi
se.__proto__ (node:interna
l/modules/esm/loader:649:3
2)
    at TracingChannel.trac
ePromise (node:diagnostics
_channel:350:14)

Node.js v24.12.0
